../Core/Src/device_specific/Cellular/Middlewares/ST/STM32_Cellular/Interface/Com/Src/com_sockets.c:59:9:com_socket	32	static
../Core/Src/device_specific/Cellular/Middlewares/ST/STM32_Cellular/Interface/Com/Src/com_sockets.c:83:9:com_setsockopt	40	static
../Core/Src/device_specific/Cellular/Middlewares/ST/STM32_Cellular/Interface/Com/Src/com_sockets.c:108:9:com_getsockopt	40	static
../Core/Src/device_specific/Cellular/Middlewares/ST/STM32_Cellular/Interface/Com/Src/com_sockets.c:131:9:com_bind	32	static
../Core/Src/device_specific/Cellular/Middlewares/ST/STM32_Cellular/Interface/Com/Src/com_sockets.c:153:9:com_listen	24	static
../Core/Src/device_specific/Cellular/Middlewares/ST/STM32_Cellular/Interface/Com/Src/com_sockets.c:176:9:com_accept	32	static
../Core/Src/device_specific/Cellular/Middlewares/ST/STM32_Cellular/Interface/Com/Src/com_sockets.c:199:9:com_connect	32	static
../Core/Src/device_specific/Cellular/Middlewares/ST/STM32_Cellular/Interface/Com/Src/com_sockets.c:223:9:com_send	32	static
../Core/Src/device_specific/Cellular/Middlewares/ST/STM32_Cellular/Interface/Com/Src/com_sockets.c:250:9:com_sendto	40	static
../Core/Src/device_specific/Cellular/Middlewares/ST/STM32_Cellular/Interface/Com/Src/com_sockets.c:276:9:com_recv	32	static
../Core/Src/device_specific/Cellular/Middlewares/ST/STM32_Cellular/Interface/Com/Src/com_sockets.c:303:9:com_recvfrom	40	static
../Core/Src/device_specific/Cellular/Middlewares/ST/STM32_Cellular/Interface/Com/Src/com_sockets.c:326:9:com_closesocket	24	static
../Core/Src/device_specific/Cellular/Middlewares/ST/STM32_Cellular/Interface/Com/Src/com_sockets.c:349:9:com_gethostbyname	24	static
../Core/Src/device_specific/Cellular/Middlewares/ST/STM32_Cellular/Interface/Com/Src/com_sockets.c:372:9:com_getpeername	32	static
../Core/Src/device_specific/Cellular/Middlewares/ST/STM32_Cellular/Interface/Com/Src/com_sockets.c:395:9:com_getsockname	32	static
../Core/Src/device_specific/Cellular/Middlewares/ST/STM32_Cellular/Interface/Com/Src/com_sockets.c:419:9:com_ping	16	static
../Core/Src/device_specific/Cellular/Middlewares/ST/STM32_Cellular/Interface/Com/Src/com_sockets.c:443:9:com_ping_process	40	static
../Core/Src/device_specific/Cellular/Middlewares/ST/STM32_Cellular/Interface/Com/Src/com_sockets.c:465:9:com_closeping	24	static
../Core/Src/device_specific/Cellular/Middlewares/ST/STM32_Cellular/Interface/Com/Src/com_sockets.c:491:6:com_sockets_init	16	static
../Core/Src/device_specific/Cellular/Middlewares/ST/STM32_Cellular/Interface/Com/Src/com_sockets.c:517:6:com_sockets_start	8	static
