../Core/Src/device_specific/Cellular/Middlewares/ST/STM32_Cellular/Core/AT_Core/Src/at_core.c:118:14:AT_init	16	static
../Core/Src/device_specific/Cellular/Middlewares/ST/STM32_Cellular/Core/AT_Core/Src/at_core.c:166:14:AT_open	24	static,ignoring_inline_asm
../Core/Src/device_specific/Cellular/Middlewares/ST/STM32_Cellular/Core/AT_Core/Src/at_core.c:234:14:AT_open_channel	40	static,ignoring_inline_asm
../Core/Src/device_specific/Cellular/Middlewares/ST/STM32_Cellular/Core/AT_Core/Src/at_core.c:286:14:AT_close_channel	24	static,ignoring_inline_asm
../Core/Src/device_specific/Cellular/Middlewares/ST/STM32_Cellular/Core/AT_Core/Src/at_core.c:316:13:AT_reset_context	24	static
../Core/Src/device_specific/Cellular/Middlewares/ST/STM32_Cellular/Core/AT_Core/Src/at_core.c:355:13:AT_sendcmd	32	static,ignoring_inline_asm
../Core/Src/device_specific/Cellular/Middlewares/ST/STM32_Cellular/Core/AT_Core/Src/at_core.c:448:6:AT_internalEvent	16	static
../Core/Src/device_specific/Cellular/Middlewares/ST/STM32_Cellular/Core/AT_Core/Src/at_core.c:460:13:msgReceivedCallback	16	static,ignoring_inline_asm
../Core/Src/device_specific/Cellular/Middlewares/ST/STM32_Cellular/Core/AT_Core/Src/at_core.c:473:13:msgSentCallback	16	static
../Core/Src/device_specific/Cellular/Middlewares/ST/STM32_Cellular/Core/AT_Core/Src/at_core.c:481:20:waitOnMsgUntilTimeout	24	static,ignoring_inline_asm
../Core/Src/device_specific/Cellular/Middlewares/ST/STM32_Cellular/Core/AT_Core/Src/at_core.c:509:24:process_answer	32	static,ignoring_inline_asm
../Core/Src/device_specific/Cellular/Middlewares/ST/STM32_Cellular/Core/AT_Core/Src/at_core.c:596:20:process_AT_transaction	40	static,ignoring_inline_asm
../Core/Src/device_specific/Cellular/Middlewares/ST/STM32_Cellular/Core/AT_Core/Src/at_core.c:713:20:sendToIPC	24	static,ignoring_inline_asm
../Core/Src/device_specific/Cellular/Middlewares/ST/STM32_Cellular/Core/AT_Core/Src/at_core.c:740:20:waitFromIPC	32	static,ignoring_inline_asm
../Core/Src/device_specific/Cellular/Middlewares/ST/STM32_Cellular/Core/AT_Core/Src/at_core.c:759:24:analyze_action_result	24	static,ignoring_inline_asm
../Core/Src/device_specific/Cellular/Middlewares/ST/STM32_Cellular/Core/AT_Core/Src/at_core.c:806:13:IRQ_DISABLE	4	static,ignoring_inline_asm
../Core/Src/device_specific/Cellular/Middlewares/ST/STM32_Cellular/Core/AT_Core/Src/at_core.c:811:13:IRQ_ENABLE	4	static,ignoring_inline_asm
../Core/Src/device_specific/Cellular/Middlewares/ST/STM32_Cellular/Core/AT_Core/Src/at_core.c:816:13:atcore_task_start	32	static,ignoring_inline_asm
../Core/Src/device_specific/Cellular/Middlewares/ST/STM32_Cellular/Core/AT_Core/Src/at_core.c:872:13:ATCoreTaskBody	32	static,ignoring_inline_asm
