../Core/Src/device_specific/Cellular/Middlewares/ST/STM32_Cellular/Core/AT_Core/Src/at_modem_signalling.c:112:13:display_clear_network_state	16	static
../Core/Src/device_specific/Cellular/Middlewares/ST/STM32_Cellular/Core/AT_Core/Src/at_modem_signalling.c:181:29:convert_NetworkState	24	static
../Core/Src/device_specific/Cellular/Middlewares/ST/STM32_Cellular/Core/AT_Core/Src/at_modem_signalling.c:233:25:find_user_cid_with_matching_ip_addr	32	static,ignoring_inline_asm
../Core/Src/device_specific/Cellular/Middlewares/ST/STM32_Cellular/Core/AT_Core/Src/at_modem_signalling.c:273:24:analyze_CmeError	64	static,ignoring_inline_asm
../Core/Src/device_specific/Cellular/Middlewares/ST/STM32_Cellular/Core/AT_Core/Src/at_modem_signalling.c:382:13:fCmdBuild_NoParams	24	static,ignoring_inline_asm
../Core/Src/device_specific/Cellular/Middlewares/ST/STM32_Cellular/Core/AT_Core/Src/at_modem_signalling.c:394:13:fCmdBuild_CGSN	24	static,ignoring_inline_asm
../Core/Src/device_specific/Cellular/Middlewares/ST/STM32_Cellular/Core/AT_Core/Src/at_modem_signalling.c:416:13:fCmdBuild_CMEE	24	static,ignoring_inline_asm
../Core/Src/device_specific/Cellular/Middlewares/ST/STM32_Cellular/Core/AT_Core/Src/at_modem_signalling.c:434:13:fCmdBuild_CPIN	24	static,ignoring_inline_asm
../Core/Src/device_specific/Cellular/Middlewares/ST/STM32_Cellular/Core/AT_Core/Src/at_modem_signalling.c:450:13:fCmdBuild_CFUN	24	static,ignoring_inline_asm
../Core/Src/device_specific/Cellular/Middlewares/ST/STM32_Cellular/Core/AT_Core/Src/at_modem_signalling.c:501:13:fCmdBuild_COPS	40	static,ignoring_inline_asm
../Core/Src/device_specific/Cellular/Middlewares/ST/STM32_Cellular/Core/AT_Core/Src/at_modem_signalling.c:585:13:fCmdBuild_CGATT	24	static,ignoring_inline_asm
../Core/Src/device_specific/Cellular/Middlewares/ST/STM32_Cellular/Core/AT_Core/Src/at_modem_signalling.c:618:13:fCmdBuild_CREG	24	static,ignoring_inline_asm
../Core/Src/device_specific/Cellular/Middlewares/ST/STM32_Cellular/Core/AT_Core/Src/at_modem_signalling.c:647:13:fCmdBuild_CGREG	24	static,ignoring_inline_asm
../Core/Src/device_specific/Cellular/Middlewares/ST/STM32_Cellular/Core/AT_Core/Src/at_modem_signalling.c:684:13:fCmdBuild_CEREG	24	static,ignoring_inline_asm
../Core/Src/device_specific/Cellular/Middlewares/ST/STM32_Cellular/Core/AT_Core/Src/at_modem_signalling.c:721:13:fCmdBuild_CGEREP	24	static,ignoring_inline_asm
../Core/Src/device_specific/Cellular/Middlewares/ST/STM32_Cellular/Core/AT_Core/Src/at_modem_signalling.c:761:13:fCmdBuild_CGDCONT	48	static,ignoring_inline_asm
../Core/Src/device_specific/Cellular/Middlewares/ST/STM32_Cellular/Core/AT_Core/Src/at_modem_signalling.c:809:13:fCmdBuild_CGACT	24	static,ignoring_inline_asm
../Core/Src/device_specific/Cellular/Middlewares/ST/STM32_Cellular/Core/AT_Core/Src/at_modem_signalling.c:839:13:fCmdBuild_CGAUTH	40	static,ignoring_inline_asm
../Core/Src/device_specific/Cellular/Middlewares/ST/STM32_Cellular/Core/AT_Core/Src/at_modem_signalling.c:890:13:fCmdBuild_CGDATA	24	static,ignoring_inline_asm
../Core/Src/device_specific/Cellular/Middlewares/ST/STM32_Cellular/Core/AT_Core/Src/at_modem_signalling.c:919:13:fCmdBuild_CGPADDR	24	static,ignoring_inline_asm
../Core/Src/device_specific/Cellular/Middlewares/ST/STM32_Cellular/Core/AT_Core/Src/at_modem_signalling.c:950:13:fCmdBuild_ATD	24	static,ignoring_inline_asm
../Core/Src/device_specific/Cellular/Middlewares/ST/STM32_Cellular/Core/AT_Core/Src/at_modem_signalling.c:968:13:fCmdBuild_ATE	24	static,ignoring_inline_asm
../Core/Src/device_specific/Cellular/Middlewares/ST/STM32_Cellular/Core/AT_Core/Src/at_modem_signalling.c:989:13:fCmdBuild_ATV	24	static,ignoring_inline_asm
../Core/Src/device_specific/Cellular/Middlewares/ST/STM32_Cellular/Core/AT_Core/Src/at_modem_signalling.c:1010:13:fCmdBuild_ATX	24	static,ignoring_inline_asm
../Core/Src/device_specific/Cellular/Middlewares/ST/STM32_Cellular/Core/AT_Core/Src/at_modem_signalling.c:1028:13:fCmdBuild_ATZ	24	static,ignoring_inline_asm
../Core/Src/device_specific/Cellular/Middlewares/ST/STM32_Cellular/Core/AT_Core/Src/at_modem_signalling.c:1044:13:fCmdBuild_IPR	24	static,ignoring_inline_asm
../Core/Src/device_specific/Cellular/Middlewares/ST/STM32_Cellular/Core/AT_Core/Src/at_modem_signalling.c:1058:13:fCmdBuild_IFC	24	static,ignoring_inline_asm
../Core/Src/device_specific/Cellular/Middlewares/ST/STM32_Cellular/Core/AT_Core/Src/at_modem_signalling.c:1081:13:fCmdBuild_ESCAPE_CMD	24	static,ignoring_inline_asm
../Core/Src/device_specific/Cellular/Middlewares/ST/STM32_Cellular/Core/AT_Core/Src/at_modem_signalling.c:1103:13:fCmdBuild_AT_AND_D	24	static,ignoring_inline_asm
../Core/Src/device_specific/Cellular/Middlewares/ST/STM32_Cellular/Core/AT_Core/Src/at_modem_signalling.c:1122:13:fCmdBuild_CPSMS	80	static,ignoring_inline_asm
../Core/Src/device_specific/Cellular/Middlewares/ST/STM32_Cellular/Core/AT_Core/Src/at_modem_signalling.c:1254:13:fCmdBuild_CEDRXS	32	static,ignoring_inline_asm
../Core/Src/device_specific/Cellular/Middlewares/ST/STM32_Cellular/Core/AT_Core/Src/at_modem_signalling.c:1327:13:fCmdBuild_CSIM	32	static,ignoring_inline_asm
../Core/Src/device_specific/Cellular/Middlewares/ST/STM32_Cellular/Core/AT_Core/Src/at_modem_signalling.c:1355:13:fCmdBuild_DIRECT_CMD	32	static,ignoring_inline_asm
../Core/Src/device_specific/Cellular/Middlewares/ST/STM32_Cellular/Core/AT_Core/Src/at_modem_signalling.c:1389:17:fRspAnalyze_None	32	static,ignoring_inline_asm
../Core/Src/device_specific/Cellular/Middlewares/ST/STM32_Cellular/Core/AT_Core/Src/at_modem_signalling.c:1405:17:fRspAnalyze_Error	32	static,ignoring_inline_asm
../Core/Src/device_specific/Cellular/Middlewares/ST/STM32_Cellular/Core/AT_Core/Src/at_modem_signalling.c:1418:17:fRspAnalyze_CmeErr	32	static,ignoring_inline_asm
../Core/Src/device_specific/Cellular/Middlewares/ST/STM32_Cellular/Core/AT_Core/Src/at_modem_signalling.c:1510:17:fRspAnalyze_CmsErr	32	static,ignoring_inline_asm
../Core/Src/device_specific/Cellular/Middlewares/ST/STM32_Cellular/Core/AT_Core/Src/at_modem_signalling.c:1527:17:fRspAnalyze_CGMI	32	static,ignoring_inline_asm
../Core/Src/device_specific/Cellular/Middlewares/ST/STM32_Cellular/Core/AT_Core/Src/at_modem_signalling.c:1549:17:fRspAnalyze_CGMM	32	static,ignoring_inline_asm
../Core/Src/device_specific/Cellular/Middlewares/ST/STM32_Cellular/Core/AT_Core/Src/at_modem_signalling.c:1571:17:fRspAnalyze_CGMR	32	static,ignoring_inline_asm
../Core/Src/device_specific/Cellular/Middlewares/ST/STM32_Cellular/Core/AT_Core/Src/at_modem_signalling.c:1593:17:fRspAnalyze_CGSN	104	static,ignoring_inline_asm
../Core/Src/device_specific/Cellular/Middlewares/ST/STM32_Cellular/Core/AT_Core/Src/at_modem_signalling.c:1667:17:fRspAnalyze_CIMI	32	static,ignoring_inline_asm
../Core/Src/device_specific/Cellular/Middlewares/ST/STM32_Cellular/Core/AT_Core/Src/at_modem_signalling.c:1689:17:fRspAnalyze_CEER	32	static,ignoring_inline_asm
../Core/Src/device_specific/Cellular/Middlewares/ST/STM32_Cellular/Core/AT_Core/Src/at_modem_signalling.c:1705:17:fRspAnalyze_CPIN	64	static,ignoring_inline_asm
../Core/Src/device_specific/Cellular/Middlewares/ST/STM32_Cellular/Core/AT_Core/Src/at_modem_signalling.c:1780:17:fRspAnalyze_CFUN	40	static,ignoring_inline_asm
../Core/Src/device_specific/Cellular/Middlewares/ST/STM32_Cellular/Core/AT_Core/Src/at_modem_signalling.c:1818:17:fRspAnalyze_COPS	48	static,ignoring_inline_asm
../Core/Src/device_specific/Cellular/Middlewares/ST/STM32_Cellular/Core/AT_Core/Src/at_modem_signalling.c:1969:17:fRspAnalyze_CNUM	32	static,ignoring_inline_asm
../Core/Src/device_specific/Cellular/Middlewares/ST/STM32_Cellular/Core/AT_Core/Src/at_modem_signalling.c:1985:17:fRspAnalyze_CGATT	40	static,ignoring_inline_asm
../Core/Src/device_specific/Cellular/Middlewares/ST/STM32_Cellular/Core/AT_Core/Src/at_modem_signalling.c:2020:17:fRspAnalyze_CREG	64	static,ignoring_inline_asm
../Core/Src/device_specific/Cellular/Middlewares/ST/STM32_Cellular/Core/AT_Core/Src/at_modem_signalling.c:2132:17:fRspAnalyze_CGREG	64	static,ignoring_inline_asm
../Core/Src/device_specific/Cellular/Middlewares/ST/STM32_Cellular/Core/AT_Core/Src/at_modem_signalling.c:2323:17:fRspAnalyze_CEREG	96	static,ignoring_inline_asm
../Core/Src/device_specific/Cellular/Middlewares/ST/STM32_Cellular/Core/AT_Core/Src/at_modem_signalling.c:2545:17:fRspAnalyze_CGEV	112	static,ignoring_inline_asm
../Core/Src/device_specific/Cellular/Middlewares/ST/STM32_Cellular/Core/AT_Core/Src/at_modem_signalling.c:2775:17:fRspAnalyze_CSQ	48	static,ignoring_inline_asm
../Core/Src/device_specific/Cellular/Middlewares/ST/STM32_Cellular/Core/AT_Core/Src/at_modem_signalling.c:2821:17:fRspAnalyze_CGPADDR	112	static,ignoring_inline_asm
../Core/Src/device_specific/Cellular/Middlewares/ST/STM32_Cellular/Core/AT_Core/Src/at_modem_signalling.c:2882:17:fRspAnalyze_CPSMS	40	static,ignoring_inline_asm
../Core/Src/device_specific/Cellular/Middlewares/ST/STM32_Cellular/Core/AT_Core/Src/at_modem_signalling.c:2946:17:fRspAnalyze_CEDRXS	40	static,ignoring_inline_asm
../Core/Src/device_specific/Cellular/Middlewares/ST/STM32_Cellular/Core/AT_Core/Src/at_modem_signalling.c:2994:17:fRspAnalyze_CEDRXP	32	static,ignoring_inline_asm
../Core/Src/device_specific/Cellular/Middlewares/ST/STM32_Cellular/Core/AT_Core/Src/at_modem_signalling.c:3046:17:fRspAnalyze_CEDRXRDP	32	static,ignoring_inline_asm
../Core/Src/device_specific/Cellular/Middlewares/ST/STM32_Cellular/Core/AT_Core/Src/at_modem_signalling.c:3100:17:fRspAnalyze_CSIM	48	static,ignoring_inline_asm
../Core/Src/device_specific/Cellular/Middlewares/ST/STM32_Cellular/Core/AT_Core/Src/at_modem_signalling.c:3157:17:fRspAnalyze_GSN	32	static,ignoring_inline_asm
../Core/Src/device_specific/Cellular/Middlewares/ST/STM32_Cellular/Core/AT_Core/Src/at_modem_signalling.c:3179:17:fRspAnalyze_IPR	40	static,ignoring_inline_asm
../Core/Src/device_specific/Cellular/Middlewares/ST/STM32_Cellular/Core/AT_Core/Src/at_modem_signalling.c:3209:17:fRspAnalyze_IFC	48	static,ignoring_inline_asm
../Core/Src/device_specific/Cellular/Middlewares/ST/STM32_Cellular/Core/AT_Core/Src/at_modem_signalling.c:3268:17:fRspAnalyze_DIRECT_CMD	32	static,ignoring_inline_asm
