../Core/Src/device_specific/Cellular/Middlewares/ST/STM32_Cellular/Core/Cellular_Service/Src/cellular_service_os.c:49:13:osCS_get_signal_quality	24	static
../Core/Src/device_specific/Cellular/Middlewares/ST/STM32_Cellular/Core/Cellular_Service/Src/cellular_service_os.c:68:17:osCDS_socket_create	24	static
../Core/Src/device_specific/Cellular/Middlewares/ST/STM32_Cellular/Core/Cellular_Service/Src/cellular_service_os.c:91:13:osCDS_socket_set_callbacks	32	static
../Core/Src/device_specific/Cellular/Middlewares/ST/STM32_Cellular/Core/Cellular_Service/Src/cellular_service_os.c:119:13:osCDS_socket_set_option	32	static
../Core/Src/device_specific/Cellular/Middlewares/ST/STM32_Cellular/Core/Cellular_Service/Src/cellular_service_os.c:147:13:osCDS_socket_get_option	16	static
../Core/Src/device_specific/Cellular/Middlewares/ST/STM32_Cellular/Core/Cellular_Service/Src/cellular_service_os.c:170:13:osCDS_socket_bind	24	static
../Core/Src/device_specific/Cellular/Middlewares/ST/STM32_Cellular/Core/Cellular_Service/Src/cellular_service_os.c:196:13:osCDS_socket_connect	32	static
../Core/Src/device_specific/Cellular/Middlewares/ST/STM32_Cellular/Core/Cellular_Service/Src/cellular_service_os.c:225:13:osCDS_socket_listen	24	static
../Core/Src/device_specific/Cellular/Middlewares/ST/STM32_Cellular/Core/Cellular_Service/Src/cellular_service_os.c:249:13:osCDS_socket_send	32	static
../Core/Src/device_specific/Cellular/Middlewares/ST/STM32_Cellular/Core/Cellular_Service/Src/cellular_service_os.c:276:9:osCDS_socket_receive	32	static
../Core/Src/device_specific/Cellular/Middlewares/ST/STM32_Cellular/Core/Cellular_Service/Src/cellular_service_os.c:305:13:osCDS_socket_sendto	40	static
../Core/Src/device_specific/Cellular/Middlewares/ST/STM32_Cellular/Core/Cellular_Service/Src/cellular_service_os.c:339:9:osCDS_socket_receivefrom	40	static
../Core/Src/device_specific/Cellular/Middlewares/ST/STM32_Cellular/Core/Cellular_Service/Src/cellular_service_os.c:373:13:osCDS_socket_close	24	static
../Core/Src/device_specific/Cellular/Middlewares/ST/STM32_Cellular/Core/Cellular_Service/Src/cellular_service_os.c:395:13:osCDS_socket_cnx_status	24	static
../Core/Src/device_specific/Cellular/Middlewares/ST/STM32_Cellular/Core/Cellular_Service/Src/cellular_service_os.c:415:11:osCDS_cellular_service_init	16	static
../Core/Src/device_specific/Cellular/Middlewares/ST/STM32_Cellular/Core/Cellular_Service/Src/cellular_service_os.c:458:13:osCDS_get_net_status	24	static
../Core/Src/device_specific/Cellular/Middlewares/ST/STM32_Cellular/Core/Cellular_Service/Src/cellular_service_os.c:475:13:osCDS_get_device_info	24	static
../Core/Src/device_specific/Cellular/Middlewares/ST/STM32_Cellular/Core/Cellular_Service/Src/cellular_service_os.c:494:13:osCDS_subscribe_net_event	24	static
../Core/Src/device_specific/Cellular/Middlewares/ST/STM32_Cellular/Core/Cellular_Service/Src/cellular_service_os.c:513:13:osCDS_subscribe_modem_event	24	static
../Core/Src/device_specific/Cellular/Middlewares/ST/STM32_Cellular/Core/Cellular_Service/Src/cellular_service_os.c:530:13:osCDS_power_on	16	static
../Core/Src/device_specific/Cellular/Middlewares/ST/STM32_Cellular/Core/Cellular_Service/Src/cellular_service_os.c:553:13:osCDS_power_off	16	static
../Core/Src/device_specific/Cellular/Middlewares/ST/STM32_Cellular/Core/Cellular_Service/Src/cellular_service_os.c:576:13:osCDS_reset	24	static
../Core/Src/device_specific/Cellular/Middlewares/ST/STM32_Cellular/Core/Cellular_Service/Src/cellular_service_os.c:594:13:osCDS_init_modem	24	static
../Core/Src/device_specific/Cellular/Middlewares/ST/STM32_Cellular/Core/Cellular_Service/Src/cellular_service_os.c:612:6:osCCS_get_wait_cs_resource	8	static
../Core/Src/device_specific/Cellular/Middlewares/ST/STM32_Cellular/Core/Cellular_Service/Src/cellular_service_os.c:622:6:osCCS_get_release_cs_resource	8	static
../Core/Src/device_specific/Cellular/Middlewares/ST/STM32_Cellular/Core/Cellular_Service/Src/cellular_service_os.c:635:13:osCDS_register_net	24	static
../Core/Src/device_specific/Cellular/Middlewares/ST/STM32_Cellular/Core/Cellular_Service/Src/cellular_service_os.c:652:13:osCS_detach_PS_domain	16	static
../Core/Src/device_specific/Cellular/Middlewares/ST/STM32_Cellular/Core/Cellular_Service/Src/cellular_service_os.c:669:13:osCDS_get_attach_status	24	static
../Core/Src/device_specific/Cellular/Middlewares/ST/STM32_Cellular/Core/Cellular_Service/Src/cellular_service_os.c:687:13:osCDS_attach_PS_domain	16	static
../Core/Src/device_specific/Cellular/Middlewares/ST/STM32_Cellular/Core/Cellular_Service/Src/cellular_service_os.c:705:13:osCDS_define_pdn	32	static
../Core/Src/device_specific/Cellular/Middlewares/ST/STM32_Cellular/Core/Cellular_Service/Src/cellular_service_os.c:727:13:osCDS_register_pdn_event	24	static
../Core/Src/device_specific/Cellular/Middlewares/ST/STM32_Cellular/Core/Cellular_Service/Src/cellular_service_os.c:746:13:osCDS_set_default_pdn	24	static
../Core/Src/device_specific/Cellular/Middlewares/ST/STM32_Cellular/Core/Cellular_Service/Src/cellular_service_os.c:765:13:osCDS_activate_pdn	24	static
../Core/Src/device_specific/Cellular/Middlewares/ST/STM32_Cellular/Core/Cellular_Service/Src/cellular_service_os.c:783:13:osCDS_suspend_data	16	static
../Core/Src/device_specific/Cellular/Middlewares/ST/STM32_Cellular/Core/Cellular_Service/Src/cellular_service_os.c:800:13:osCDS_resume_data	16	static
../Core/Src/device_specific/Cellular/Middlewares/ST/STM32_Cellular/Core/Cellular_Service/Src/cellular_service_os.c:819:13:osCDS_dns_request	32	static
../Core/Src/device_specific/Cellular/Middlewares/ST/STM32_Cellular/Core/Cellular_Service/Src/cellular_service_os.c:840:13:osCDS_ping	32	static
../Core/Src/device_specific/Cellular/Middlewares/ST/STM32_Cellular/Core/Cellular_Service/Src/cellular_service_os.c:861:13:osCDS_direct_cmd	24	static
../Core/Src/device_specific/Cellular/Middlewares/ST/STM32_Cellular/Core/Cellular_Service/Src/cellular_service_os.c:879:13:osCDS_get_dev_IP_address	32	static
../Core/Src/device_specific/Cellular/Middlewares/ST/STM32_Cellular/Core/Cellular_Service/Src/cellular_service_os.c:900:13:osCS_sim_select	24	static
../Core/Src/device_specific/Cellular/Middlewares/ST/STM32_Cellular/Core/Cellular_Service/Src/cellular_service_os.c:919:9:osCS_sim_generic_access	24	static
