../Core/Src/device_specific/Cellular/Middlewares/ST/STM32_Cellular/Core/Cellular_Service/Src/cellular_service_utils.c:156:22:cst_convert_sim_socket_type	24	static
../Core/Src/device_specific/Cellular/Middlewares/ST/STM32_Cellular/Core/Cellular_Service/Src/cellular_service_utils.c:184:17:cst_modulo64	40	static
../Core/Src/device_specific/Cellular/Middlewares/ST/STM32_Cellular/Core/Cellular_Service/Src/cellular_service_utils.c:244:13:CST_network_reg_callback	8	static,ignoring_inline_asm
../Core/Src/device_specific/Cellular/Middlewares/ST/STM32_Cellular/Core/Cellular_Service/Src/cellular_service_utils.c:279:13:CST_location_info_callback	4	static,ignoring_inline_asm
../Core/Src/device_specific/Cellular/Middlewares/ST/STM32_Cellular/Core/Cellular_Service/Src/cellular_service_utils.c:290:13:CST_modem_event_callback	16	static,ignoring_inline_asm
../Core/Src/device_specific/Cellular/Middlewares/ST/STM32_Cellular/Core/Cellular_Service/Src/cellular_service_utils.c:358:20:cst_convert_access_techno	24	static,ignoring_inline_asm
../Core/Src/device_specific/Cellular/Middlewares/ST/STM32_Cellular/Core/Cellular_Service/Src/cellular_service_utils.c:387:7:CST_modem_sim_init	296	static,ignoring_inline_asm
../Core/Src/device_specific/Cellular/Middlewares/ST/STM32_Cellular/Core/Cellular_Service/Src/cellular_service_utils.c:688:13:CST_subscribe_all_net_events	8	static,ignoring_inline_asm
../Core/Src/device_specific/Cellular/Middlewares/ST/STM32_Cellular/Core/Cellular_Service/Src/cellular_service_utils.c:706:13:CST_fill_nfmc_tempo	72	static,ignoring_inline_asm
../Core/Src/device_specific/Cellular/Middlewares/ST/STM32_Cellular/Core/Cellular_Service/Src/cellular_service_utils.c:757:7:CST_data_cache_cellular_info_set	256	static
../Core/Src/device_specific/Cellular/Middlewares/ST/STM32_Cellular/Core/Cellular_Service/Src/cellular_service_utils.c:817:13:CST_get_device_all_infos	32	static,ignoring_inline_asm
../Core/Src/device_specific/Cellular/Middlewares/ST/STM32_Cellular/Core/Cellular_Service/Src/cellular_service_utils.c:1018:13:CST_modem_define_pdn	96	static
../Core/Src/device_specific/Cellular/Middlewares/ST/STM32_Cellular/Core/Cellular_Service/Src/cellular_service_utils.c:1066:6:CST_config_fail	24	static,ignoring_inline_asm
../Core/Src/device_specific/Cellular/Middlewares/ST/STM32_Cellular/Core/Cellular_Service/Src/cellular_service_utils.c:1108:13:CST_set_signal_quality	32	static,ignoring_inline_asm
../Core/Src/device_specific/Cellular/Middlewares/ST/STM32_Cellular/Core/Cellular_Service/Src/cellular_service_utils.c:1173:6:CST_subscribe_modem_events	16	static,ignoring_inline_asm
../Core/Src/device_specific/Cellular/Middlewares/ST/STM32_Cellular/Core/Cellular_Service/Src/cellular_service_utils.c:1192:19:CST_get_autom_event	24	static,ignoring_inline_asm
../Core/Src/device_specific/Cellular/Middlewares/ST/STM32_Cellular/Core/Cellular_Service/Src/cellular_service_utils.c:1279:23:CST_get_network_status	112	static,ignoring_inline_asm
../Core/Src/device_specific/Cellular/Middlewares/ST/STM32_Cellular/Core/Cellular_Service/Src/cellular_service_utils.c:1346:13:CST_fail_setting	8	static
../Core/Src/device_specific/Cellular/Middlewares/ST/STM32_Cellular/Core/Cellular_Service/Src/cellular_service_utils.c:1366:6:CST_set_modem_state	248	static
../Core/Src/device_specific/Cellular/Middlewares/ST/STM32_Cellular/Core/Cellular_Service/Src/cellular_service_utils.c:1388:13:CST_modem_power_off	232	static,ignoring_inline_asm
../Core/Src/device_specific/Cellular/Middlewares/ST/STM32_Cellular/Core/Cellular_Service/Src/cellular_service_utils.c:1439:9:CST_get_sim_slot_index	4	static
