d:\programsonhdd\st\stm32cubeide_1.9.0\stm32cubeide\plugins\com.st.stm32cube.ide.mcu.externaltools.gnu-tools-for-stm32.10.3-2021.10.win32_1.0.0.202111181127\tools\bin\../lib/gcc/arm-none-eabi/10.3.1/../../../../arm-none-eabi/include/c++/10.3.1/arm-none-eabi/thumb/v7e-m+fp/hard/bits/gthr-default.h:229:1:int __gthread_key_delete(__gthread_key_t)	16	static
D:/ProgramsOnHDD/DIRS/TestDirectory/communication-board/CommsBoard-backupUpdate/Core/Src/shared_utils/shared/Logging/Logger.h:195:8:Logger::Logger(const char*)	16	static
D:/ProgramsOnHDD/DIRS/TestDirectory/communication-board/CommsBoard-backupUpdate/Core/Src/shared_utils/shared/Logging/UARTLogHandler.h:20:14:const char* UARTLogHandler::extractFileName(const char*)	24	static
D:/ProgramsOnHDD/DIRS/TestDirectory/communication-board/CommsBoard-backupUpdate/Core/Src/shared_utils/shared/Logging/UARTLogHandler.h:30:14:const char* UARTLogHandler::extractFuncName(const char*, size_t*)	32	static
D:/ProgramsOnHDD/DIRS/TestDirectory/communication-board/CommsBoard-backupUpdate/Core/Src/shared_utils/shared/Logging/UARTLogHandler.h:48:11:UARTLogHandler::UARTLogHandler()	16	static
D:/ProgramsOnHDD/DIRS/TestDirectory/communication-board/CommsBoard-backupUpdate/Core/Src/shared_utils/shared/Logging/UARTLogHandler.h:53:32:static UARTLogHandler* UARTLogHandler::getInstance()	8	static
D:/ProgramsOnHDD/DIRS/TestDirectory/communication-board/CommsBoard-backupUpdate/Core/Src/shared_utils/shared/Logging/UARTLogHandler.h:59:14:static void UARTLogHandler::log_message_callback(const char*, int, const char*, const LogAttributes*, void*)	40	static
D:/ProgramsOnHDD/DIRS/TestDirectory/communication-board/CommsBoard-backupUpdate/Core/Src/shared_utils/shared/Logging/UARTLogHandler.h:67:14:static void UARTLogHandler::log_write_callback(const char*, size_t, int, const char*, void*)	40	static
D:/ProgramsOnHDD/DIRS/TestDirectory/communication-board/CommsBoard-backupUpdate/Core/Src/shared_utils/shared/Logging/UARTLogHandler.h:76:13:static int UARTLogHandler::log_enabled_callback(int, const char*, void*)	32	static
D:/ProgramsOnHDD/DIRS/TestDirectory/communication-board/CommsBoard-backupUpdate/Core/Src/shared_utils/shared/Logging/UARTLogHandler.h:97:25:static UARTLogHandler* UARTLogHandler::configure(UARTManager*, LogLevel)	24	static
D:/ProgramsOnHDD/DIRS/TestDirectory/communication-board/CommsBoard-backupUpdate/Core/Src/shared_utils/shared/Logging/UARTLogHandler.h:108:7:void UARTLogHandler::write(const char*, size_t, LogLevel, const char*)	24	static
D:/ProgramsOnHDD/DIRS/TestDirectory/communication-board/CommsBoard-backupUpdate/Core/Src/shared_utils/shared/Logging/UARTLogHandler.h:121:21:static const char* UARTLogHandler::levelName(LogLevel)	16	static
D:/ProgramsOnHDD/DIRS/TestDirectory/communication-board/CommsBoard-backupUpdate/Core/Src/shared_utils/shared/Logging/UARTLogHandler.h:129:11:LogLevel UARTLogHandler::level()	16	static
D:/ProgramsOnHDD/DIRS/TestDirectory/communication-board/CommsBoard-backupUpdate/Core/Src/shared_utils/shared/Logging/UARTLogHandler.h:140:7:void UARTLogHandler::message(const char*, LogLevel, const char*, const LogAttributes&)	32	static
D:/ProgramsOnHDD/DIRS/TestDirectory/communication-board/CommsBoard-backupUpdate/Core/Src/shared_utils/shared/Logging/UARTLogHandler.h:163:7:void UARTLogHandler::logMessage(const char*, LogLevel, const char*, const LogAttributes&)	1072	static
D:/ProgramsOnHDD/DIRS/TestDirectory/communication-board/CommsBoard-backupUpdate/Core/Src/shared_utils/shared/Logging/UARTLogHandler.h:246:14:void UARTLogHandler::write(const char*, size_t)	64	dynamic
../Core/Src/main.cpp:86:7:void* operator new(std::size_t)	16	static
../Core/Src/main.cpp:91:6:void operator delete(void*)	16	static
../Core/Src/main.cpp:96:14:void* pvrealloc(void*, uint32_t)	32	static
../Core/Src/main.cpp:144:6:void SWO_Init(uint32_t, uint32_t)	24	static
../Core/Src/main.cpp:164:5:int main()	8	static
../Core/Src/main.cpp:232:6:void SystemClock_Config()	256	static
../Core/Src/main.cpp:318:6:void HAL_TIM_PeriodElapsedCallback(TIM_HandleTypeDef*)	16	static
../Core/Src/main.cpp:339:6:void Error_Handler()	4	static,ignoring_inline_asm
D:/ProgramsOnHDD/DIRS/TestDirectory/communication-board/CommsBoard-backupUpdate/Core/Src/shared_utils/shared/bsp/DS28CM00ID/DS28CM00ID.h:50:10:DS28CM00_ID::~DS28CM00_ID()	16	static
D:/ProgramsOnHDD/DIRS/TestDirectory/communication-board/CommsBoard-backupUpdate/Core/Src/shared_utils/shared/bsp/DS28CM00ID/DS28CM00ID.h:50:10:virtual DS28CM00_ID::~DS28CM00_ID()	16	static
../Core/Src/main.cpp:348:1:void __static_initialization_and_destruction_0(int, int)	56	static
../Core/Src/main.cpp:348:1:cpp)	8	static
../Core/Src/main.cpp:348:1:cpp)	8	static
