../Core/Src/stm32l4xx_it.c:81:6:NMI_Handler	4	static
../Core/Src/stm32l4xx_it.c:96:6:HardFault_Handler	4	static
../Core/Src/stm32l4xx_it.c:111:6:MemManage_Handler	4	static
../Core/Src/stm32l4xx_it.c:126:6:BusFault_Handler	4	static
../Core/Src/stm32l4xx_it.c:141:6:UsageFault_Handler	4	static
../Core/Src/stm32l4xx_it.c:156:6:DebugMon_Handler	4	static
../Core/Src/stm32l4xx_it.c:176:6:DMA1_Channel1_IRQHandler	8	static
../Core/Src/stm32l4xx_it.c:190:6:DMA1_Channel2_IRQHandler	8	static
../Core/Src/stm32l4xx_it.c:204:6:ADC1_IRQHandler	8	static
../Core/Src/stm32l4xx_it.c:218:6:CAN1_TX_IRQHandler	8	static
../Core/Src/stm32l4xx_it.c:232:6:CAN1_RX0_IRQHandler	8	static
../Core/Src/stm32l4xx_it.c:246:6:CAN1_RX1_IRQHandler	8	static
../Core/Src/stm32l4xx_it.c:260:6:EXTI9_5_IRQHandler	8	static
../Core/Src/stm32l4xx_it.c:274:6:TIM1_BRK_TIM15_IRQHandler	8	static
../Core/Src/stm32l4xx_it.c:288:6:TIM1_UP_TIM16_IRQHandler	8	static
../Core/Src/stm32l4xx_it.c:302:6:TIM1_TRG_COM_TIM17_IRQHandler	8	static
../Core/Src/stm32l4xx_it.c:316:6:USART1_IRQHandler	8	static
../Core/Src/stm32l4xx_it.c:330:6:USART2_IRQHandler	8	static
../Core/Src/stm32l4xx_it.c:344:6:RTC_Alarm_IRQHandler	8	static
../Core/Src/stm32l4xx_it.c:358:6:EXTI15_10_IRQHandler	8	static
../Core/Src/stm32l4xx_it.c:372:6:SDMMC1_IRQHandler	8	static
