../Core/Src/device_specific/zlib/deflate.c:201:12:slide_hash	32	static
../Core/Src/device_specific/zlib/deflate.c:228:13:deflateInit_	40	static
../Core/Src/device_specific/zlib/deflate.c:240:13:deflateInit2_	40	static
../Core/Src/device_specific/zlib/deflate.c:353:11:deflateStateCheck	24	static
../Core/Src/device_specific/zlib/deflate.c:376:13:deflateSetDictionary	48	static
../Core/Src/device_specific/zlib/deflate.c:445:13:deflateGetDictionary	32	static
../Core/Src/device_specific/zlib/deflate.c:467:13:deflateResetKeep	24	static
../Core/Src/device_specific/zlib/deflate.c:505:13:deflateReset	24	static
../Core/Src/device_specific/zlib/deflate.c:517:13:deflateSetHeader	16	static
../Core/Src/device_specific/zlib/deflate.c:528:13:deflatePending	24	static
../Core/Src/device_specific/zlib/deflate.c:542:13:deflatePrime	32	static
../Core/Src/device_specific/zlib/deflate.c:568:13:deflateParams	40	static
../Core/Src/device_specific/zlib/deflate.c:617:13:deflateTune	32	static
../Core/Src/device_specific/zlib/deflate.c:652:15:deflateBound	32	static
../Core/Src/device_specific/zlib/deflate.c:716:12:putShortMSB	16	static
../Core/Src/device_specific/zlib/deflate.c:730:12:flush_pending	24	static
../Core/Src/device_specific/zlib/deflate.c:763:13:deflate	72	static
../Core/Src/device_specific/zlib/deflate.c:1076:13:deflateEnd	24	static
../Core/Src/device_specific/zlib/deflate.c:1102:13:deflateCopy	32	static
../Core/Src/device_specific/zlib/deflate.c:1164:16:read_buf	32	static
../Core/Src/device_specific/zlib/deflate.c:1194:12:lm_init	16	static
../Core/Src/device_specific/zlib/deflate.c:1236:12:longest_match	56	static
../Core/Src/device_specific/zlib/deflate.c:1482:12:fill_window	40	static
../Core/Src/device_specific/zlib/deflate.c:1643:19:deflate_stored	40	static
../Core/Src/device_specific/zlib/deflate.c:1824:19:deflate_fast	32	static
../Core/Src/device_specific/zlib/deflate.c:1926:19:deflate_slow	40	static
../Core/Src/device_specific/zlib/deflate.c:2057:19:deflate_rle	40	static
../Core/Src/device_specific/zlib/deflate.c:2130:19:deflate_huff	24	static
