../Core/Src/device_specific/zlib/trees.c:232:12:tr_static_init	4	static
../Core/Src/device_specific/zlib/trees.c:379:20:_tr_init	16	static
../Core/Src/device_specific/zlib/trees.c:407:12:init_block	24	static
../Core/Src/device_specific/zlib/trees.c:451:12:pqdownheap	32	static
../Core/Src/device_specific/zlib/trees.c:486:12:gen_bitlen	72	static
../Core/Src/device_specific/zlib/trees.c:572:12:gen_codes	72	static
../Core/Src/device_specific/zlib/trees.c:615:12:build_tree	48	static
../Core/Src/device_specific/zlib/trees.c:703:12:scan_tree	56	static
../Core/Src/device_specific/zlib/trees.c:748:12:send_tree	120	static
../Core/Src/device_specific/zlib/trees.c:799:11:build_bl_tree	24	static
../Core/Src/device_specific/zlib/trees.c:834:12:send_all_trees	72	static
../Core/Src/device_specific/zlib/trees.c:863:20:_tr_stored_block	40	static
../Core/Src/device_specific/zlib/trees.c:886:20:_tr_flush_bits	16	static
../Core/Src/device_specific/zlib/trees.c:896:20:_tr_align	40	static
../Core/Src/device_specific/zlib/trees.c:911:20:_tr_flush_block	64	static
../Core/Src/device_specific/zlib/trees.c:1014:19:_tr_tally	24	static
../Core/Src/device_specific/zlib/trees.c:1064:12:compress_block	96	static
../Core/Src/device_specific/zlib/trees.c:1124:11:detect_data_type	24	static
../Core/Src/device_specific/zlib/trees.c:1158:16:bi_reverse	16	static
../Core/Src/device_specific/zlib/trees.c:1173:12:bi_flush	16	static
../Core/Src/device_specific/zlib/trees.c:1190:12:bi_windup	16	static
