../Core/Src/device_specific/Cellular/Middlewares/ST/STM32_Cellular/Core/Rtosal/Src/rtosal.c:56:6:stopAllCelluar	32	static
../Core/Src/device_specific/Cellular/Middlewares/ST/STM32_Cellular/Core/Rtosal/Src/rtosal.c:112:14:rtosalKernelInitialize	16	static
../Core/Src/device_specific/Cellular/Middlewares/ST/STM32_Cellular/Core/Rtosal/Src/rtosal.c:127:14:rtosalKernelStart	16	static
../Core/Src/device_specific/Cellular/Middlewares/ST/STM32_Cellular/Core/Rtosal/Src/rtosal.c:138:10:rtosalGetSysTimerCount	16	static
../Core/Src/device_specific/Cellular/Middlewares/ST/STM32_Cellular/Core/Rtosal/Src/rtosal.c:164:12:rtosalThreadNew	64	static
../Core/Src/device_specific/Cellular/Middlewares/ST/STM32_Cellular/Core/Rtosal/Src/rtosal.c:211:12:rtosalThreadGetId	16	static
../Core/Src/device_specific/Cellular/Middlewares/ST/STM32_Cellular/Core/Rtosal/Src/rtosal.c:223:14:rtosalThreadTerminate	24	static
../Core/Src/device_specific/Cellular/Middlewares/ST/STM32_Cellular/Core/Rtosal/Src/rtosal.c:266:15:rtosalSemaphoreNew	40	static
../Core/Src/device_specific/Cellular/Middlewares/ST/STM32_Cellular/Core/Rtosal/Src/rtosal.c:304:14:rtosalSemaphoreAcquire	24	static
../Core/Src/device_specific/Cellular/Middlewares/ST/STM32_Cellular/Core/Rtosal/Src/rtosal.c:324:14:rtosalSemaphoreRelease	24	static
../Core/Src/device_specific/Cellular/Middlewares/ST/STM32_Cellular/Core/Rtosal/Src/rtosal.c:336:14:rtosalSemaphoreDelete	24	static
../Core/Src/device_specific/Cellular/Middlewares/ST/STM32_Cellular/Core/Rtosal/Src/rtosal.c:378:11:rtosalMutexNew	40	static
../Core/Src/device_specific/Cellular/Middlewares/ST/STM32_Cellular/Core/Rtosal/Src/rtosal.c:419:14:rtosalMutexAcquire	24	static
../Core/Src/device_specific/Cellular/Middlewares/ST/STM32_Cellular/Core/Rtosal/Src/rtosal.c:437:14:rtosalMutexRelease	24	static
../Core/Src/device_specific/Cellular/Middlewares/ST/STM32_Cellular/Core/Rtosal/Src/rtosal.c:449:14:rtosalMutexDelete	24	static
../Core/Src/device_specific/Cellular/Middlewares/ST/STM32_Cellular/Core/Rtosal/Src/rtosal.c:490:14:rtosalMessageQueueNew	48	static
../Core/Src/device_specific/Cellular/Middlewares/ST/STM32_Cellular/Core/Rtosal/Src/rtosal.c:535:14:rtosalMessageQueuePut	32	static
../Core/Src/device_specific/Cellular/Middlewares/ST/STM32_Cellular/Core/Rtosal/Src/rtosal.c:561:14:rtosalMessageQueueGet	32	static
../Core/Src/device_specific/Cellular/Middlewares/ST/STM32_Cellular/Core/Rtosal/Src/rtosal.c:603:11:rtosalTimerNew	48	static
../Core/Src/device_specific/Cellular/Middlewares/ST/STM32_Cellular/Core/Rtosal/Src/rtosal.c:639:14:rtosalTimerStart	24	static
../Core/Src/device_specific/Cellular/Middlewares/ST/STM32_Cellular/Core/Rtosal/Src/rtosal.c:653:14:rtosalTimerStop	24	static
../Core/Src/device_specific/Cellular/Middlewares/ST/STM32_Cellular/Core/Rtosal/Src/rtosal.c:665:14:rtosalTimerDelete	24	static
../Core/Src/device_specific/Cellular/Middlewares/ST/STM32_Cellular/Core/Rtosal/Src/rtosal.c:705:14:rtosalDelay	24	static
