c:\st\stm32cubeide_1.10.1\stm32cubeide\plugins\com.st.stm32cube.ide.mcu.externaltools.gnu-tools-for-stm32.10.3-2021.10.win32_1.0.200.202301161003\tools\bin\../lib/gcc/arm-none-eabi/10.3.1/../../../../arm-none-eabi/include/c++/10.3.1/arm-none-eabi/thumb/v7e-m+fp/hard/bits/gthr-default.h:229:1:int __gthread_key_delete(__gthread_key_t)	16	static
C:/Users/Chris/STM32CubeIDE/workspace_1.10.1/communication-board/CommsBoard/Core/Src/shared_utils/shared/Logging/Logger.h:195:8:Logger::Logger(const char*)	16	static
C:/Users/Chris/STM32CubeIDE/workspace_1.10.1/communication-board/CommsBoard/Core/Src/shared_utils/shared/Logging/Logger.h:216:13:) const	28	static
C:/Users/Chris/STM32CubeIDE/workspace_1.10.1/communication-board/CommsBoard/Core/Src/shared_utils/shared/Logging/Logger.h:338:13:void Logger::log(LogLevel, const char*, va_list) const	64	static
C:/Users/Chris/STM32CubeIDE/workspace_1.10.1/communication-board/CommsBoard/Core/Src/device_specific/Tasks/MonitorTask.h:35:22:void __tcf_0()	8	static
C:/Users/Chris/STM32CubeIDE/workspace_1.10.1/communication-board/CommsBoard/Core/Src/device_specific/Tasks/MonitorTask.h:33:23:static MonitorTask* MonitorTask::getInstance()	8	static
C:/Users/Chris/STM32CubeIDE/workspace_1.10.1/communication-board/CommsBoard/Core/Src/device_specific/Tasks/TaskInterface.h:26:2:TaskInterface::TaskInterface()	16	static
C:/Users/Chris/STM32CubeIDE/workspace_1.10.1/communication-board/CommsBoard/Core/Src/device_specific/Tasks/RTCTask.h:48:22:static RTCTask::RTC_DateTime RTCTask::convertUnixToDateTime(uint32_t)	40	static
C:/Users/Chris/STM32CubeIDE/workspace_1.10.1/communication-board/CommsBoard/Core/Src/device_specific/Tasks/RTCTask.h:73:18:static uint32_t RTCTask::convertDateTimeToUnix(RTCTask::RTC_DateTime)	48	static
../Core/Src/device_specific/Tasks/RTCTask.cpp:14:10:uint32_t extGetUnixTime()	8	static
../Core/Src/device_specific/Tasks/RTCTask.cpp:23:1:RTCTask::RTCTask()	24	static
../Core/Src/device_specific/Tasks/RTCTask.cpp:29:1:RTCTask::~RTCTask()	16	static
../Core/Src/device_specific/Tasks/RTCTask.cpp:34:6:virtual bool RTCTask::start()	16	static
../Core/Src/device_specific/Tasks/RTCTask.cpp:52:6:virtual bool RTCTask::kill()	16	static
../Core/Src/device_specific/Tasks/RTCTask.cpp:60:10:uint32_t RTCTask::getUnixTime()	48	static
../Core/Src/device_specific/Tasks/RTCTask.cpp:65:6:void RTCTask::setUnixTime(uint32_t)	48	static
../Core/Src/device_specific/Tasks/RTCTask.cpp:75:23:RTCTask::RTC_DateTime RTCTask::getDateTime()	16	static
../Core/Src/device_specific/Tasks/RTCTask.cpp:101:4:RTCTask::enable1HourAlarm()::<lambda(RTC_HandleTypeDef*)>	16	static
../Core/Src/device_specific/Tasks/RTCTask.cpp:101:4:static void RTCTask::enable1HourAlarm()::<lambda(RTC_HandleTypeDef*)>::_FUN(RTC_HandleTypeDef*)	16	static
../Core/Src/device_specific/Tasks/RTCTask.cpp:101:4:RTCTask::enable1HourAlarm()::<lambda(RTC_HandleTypeDef*)>::operator void (*)(RTC_HandleTypeDef*)() const	16	static
../Core/Src/device_specific/Tasks/RTCTask.cpp:85:6:void RTCTask::enable1HourAlarm()	64	static
../Core/Src/device_specific/Tasks/RTCTask.cpp:127:4:RTCTask::enable24HourAlarm()::<lambda(RTC_HandleTypeDef*)>	16	static
../Core/Src/device_specific/Tasks/RTCTask.cpp:127:4:static void RTCTask::enable24HourAlarm()::<lambda(RTC_HandleTypeDef*)>::_FUN(RTC_HandleTypeDef*)	16	static
../Core/Src/device_specific/Tasks/RTCTask.cpp:127:4:RTCTask::enable24HourAlarm()::<lambda(RTC_HandleTypeDef*)>::operator void (*)(RTC_HandleTypeDef*)() const	16	static
../Core/Src/device_specific/Tasks/RTCTask.cpp:111:6:void RTCTask::enable24HourAlarm()	64	static
../Core/Src/device_specific/Tasks/RTCTask.cpp:137:6:void RTCTask::disableAlarms()	16	static
../Core/Src/device_specific/Tasks/RTCTask.cpp:145:8:char* RTCTask::getStringTime()	80	static
