../Core/Src/device_specific/protob/pb_decode.c:68:25:buf_read	32	static
../Core/Src/device_specific/protob/pb_decode.c:83:18:pb_read	40	static
../Core/Src/device_specific/protob/pb_decode.c:122:25:pb_readbyte	16	static
../Core/Src/device_specific/protob/pb_decode.c:140:14:pb_istream_from_buffer	48	static
../Core/Src/device_specific/protob/pb_decode.c:168:25:pb_decode_varint32_eof	40	static
../Core/Src/device_specific/protob/pb_decode.c:232:18:pb_decode_varint32	16	static
../Core/Src/device_specific/protob/pb_decode.c:238:18:pb_decode_varint	72	static
../Core/Src/device_specific/protob/pb_decode.c:261:18:pb_skip_varint	24	static
../Core/Src/device_specific/protob/pb_decode.c:272:18:pb_skip_string	24	static
../Core/Src/device_specific/protob/pb_decode.c:286:18:pb_decode_tag	32	static
../Core/Src/device_specific/protob/pb_decode.c:303:18:pb_skip_field	16	static
../Core/Src/device_specific/protob/pb_decode.c:318:25:read_raw_value	32	static
../Core/Src/device_specific/protob/pb_decode.c:357:18:pb_make_string_substream	32	static
../Core/Src/device_specific/protob/pb_decode.c:372:18:pb_close_string_substream	16	static
../Core/Src/device_specific/protob/pb_decode.c:391:25:decode_basic_field	24	static
../Core/Src/device_specific/protob/pb_decode.c:462:25:decode_static_field	112	static
../Core/Src/device_specific/protob/pb_decode.c:557:25:allocate_field	40	static
../Core/Src/device_specific/protob/pb_decode.c:603:13:initialize_pointer_field	16	static
../Core/Src/device_specific/protob/pb_decode.c:619:25:decode_pointer_field	64	static
../Core/Src/device_specific/protob/pb_decode.c:747:25:decode_callback_field	104	static
../Core/Src/device_specific/protob/pb_decode.c:790:25:decode_field	24	static
../Core/Src/device_specific/protob/pb_decode.c:821:25:default_extension_decoder	80	static
../Core/Src/device_specific/protob/pb_decode.c:838:25:decode_extension	40	static
../Core/Src/device_specific/protob/pb_decode.c:861:13:pb_field_set_to_default	80	static
../Core/Src/device_specific/protob/pb_decode.c:943:13:pb_message_set_to_defaults	64	static
../Core/Src/device_specific/protob/pb_decode.c:982:25:pb_decode_inner	136	static
../Core/Src/device_specific/protob/pb_decode.c:1146:18:pb_decode_ex	48	static
../Core/Src/device_specific/protob/pb_decode.c:1174:18:pb_decode	32	static
../Core/Src/device_specific/protob/pb_decode.c:1191:13:pb_release_union_field	88	static
../Core/Src/device_specific/protob/pb_decode.c:1221:13:pb_release_single_field	96	static
../Core/Src/device_specific/protob/pb_decode.c:1312:6:pb_release	72	static
../Core/Src/device_specific/protob/pb_decode.c:1331:6:pb_decode_bool	24	static
../Core/Src/device_specific/protob/pb_decode.c:1341:6:pb_decode_svarint	40	static
../Core/Src/device_specific/protob/pb_decode.c:1355:6:pb_decode_fixed32	24	static
../Core/Src/device_specific/protob/pb_decode.c:1378:6:pb_decode_fixed64	24	static
../Core/Src/device_specific/protob/pb_decode.c:1405:25:pb_dec_bool	16	static
../Core/Src/device_specific/protob/pb_decode.c:1410:25:pb_dec_varint	112	static
../Core/Src/device_specific/protob/pb_decode.c:1482:25:pb_dec_bytes	32	static
../Core/Src/device_specific/protob/pb_decode.c:1522:25:pb_dec_string	32	static
../Core/Src/device_specific/protob/pb_decode.c:1572:25:pb_dec_submessage	48	static
../Core/Src/device_specific/protob/pb_decode.c:1624:25:pb_dec_fixed_length_bytes	24	static
