../Core/Src/device_specific/protob/pb_encode.c:52:25:buf_write	32	static
../Core/Src/device_specific/protob/pb_encode.c:64:14:pb_ostream_from_buffer	56	static
../Core/Src/device_specific/protob/pb_encode.c:81:18:pb_write	24	static
../Core/Src/device_specific/protob/pb_encode.c:112:13:safe_read_bool	24	static
../Core/Src/device_specific/protob/pb_encode.c:125:25:encode_array	72	static
../Core/Src/device_specific/protob/pb_encode.c:241:25:pb_check_proto3_default_value	96	static
../Core/Src/device_specific/protob/pb_encode.c:359:25:encode_basic_field	16	static
../Core/Src/device_specific/protob/pb_encode.c:404:25:encode_callback_field	16	static
../Core/Src/device_specific/protob/pb_encode.c:415:25:encode_field	16	static
../Core/Src/device_specific/protob/pb_encode.c:471:25:default_extension_encoder	72	static
../Core/Src/device_specific/protob/pb_encode.c:484:25:encode_extension_field	24	static
../Core/Src/device_specific/protob/pb_encode.c:509:18:pb_encode	80	static
../Core/Src/device_specific/protob/pb_encode.c:533:18:pb_encode_ex	32	static
../Core/Src/device_specific/protob/pb_encode.c:554:6:pb_get_encoded_size	48	static
../Core/Src/device_specific/protob/pb_encode.c:570:25:pb_encode_varint_32	40	static
../Core/Src/device_specific/protob/pb_encode.c:604:18:pb_encode_varint	40	static
../Core/Src/device_specific/protob/pb_encode.c:622:18:pb_encode_svarint	56	static
../Core/Src/device_specific/protob/pb_encode.c:633:18:pb_encode_fixed32	16	static
../Core/Src/device_specific/protob/pb_encode.c:650:18:pb_encode_fixed64	16	static
../Core/Src/device_specific/protob/pb_encode.c:671:18:pb_encode_tag	64	static
../Core/Src/device_specific/protob/pb_encode.c:677:6:pb_encode_tag_for_field	24	static
../Core/Src/device_specific/protob/pb_encode.c:712:18:pb_encode_string	32	static
../Core/Src/device_specific/protob/pb_encode.c:720:18:pb_encode_submessage	64	static
../Core/Src/device_specific/protob/pb_encode.c:772:25:pb_enc_bool	32	static
../Core/Src/device_specific/protob/pb_encode.c:779:25:pb_enc_varint	80	static
../Core/Src/device_specific/protob/pb_encode.c:827:25:pb_enc_fixed	16	static
../Core/Src/device_specific/protob/pb_encode.c:852:25:pb_enc_bytes	24	static
../Core/Src/device_specific/protob/pb_encode.c:873:25:pb_enc_string	32	static
../Core/Src/device_specific/protob/pb_encode.c:926:25:pb_enc_submessage	24	static
../Core/Src/device_specific/protob/pb_encode.c:945:25:pb_enc_fixed_length_bytes	16	static
