C:/Users/Chris/STM32CubeIDE/workspace_1.10.1/communication-board/CommsBoard/Core/Src/shared_utils/shared/CANopenNode/301/CO_ODinterface.h:445:24:OD_getIndex	16	static
C:/Users/Chris/STM32CubeIDE/workspace_1.10.1/communication-board/CommsBoard/Core/Src/shared_utils/shared/CANopenNode/301/CO_ODinterface.h:670:21:OD_get_u32	32	static
../Core/Src/shared_utils/shared/CANopenNode/301/CO_HBconsumer.c:43:13:CO_HBcons_receive	32	static
../Core/Src/shared_utils/shared/CANopenNode/301/CO_HBconsumer.c:115:18:CO_HBconsumer_init	40	static
../Core/Src/shared_utils/shared/CANopenNode/301/CO_HBconsumer.c:181:25:CO_HBconsumer_initEntry	72	static
../Core/Src/shared_utils/shared/CANopenNode/301/CO_HBconsumer.c:261:6:CO_HBconsumer_initCallbackNmtChanged	24	static
../Core/Src/shared_utils/shared/CANopenNode/301/CO_HBconsumer.c:359:6:CO_HBconsumer_process	72	static
../Core/Src/shared_utils/shared/CANopenNode/301/CO_HBconsumer.c:507:8:CO_HBconsumer_getIdxByNodeId	24	static
../Core/Src/shared_utils/shared/CANopenNode/301/CO_HBconsumer.c:532:23:CO_HBconsumer_getState	24	static
../Core/Src/shared_utils/shared/CANopenNode/301/CO_HBconsumer.c:547:8:CO_HBconsumer_getNmtState	32	static
