C:/Users/Chris/STM32CubeIDE/workspace_1.10.1/communication-board/CommsBoard/Core/Src/shared_utils/shared/CANopenNode/301/CO_driver.h:744:24:CO_getUint16	24	static
C:/Users/Chris/STM32CubeIDE/workspace_1.10.1/communication-board/CommsBoard/Core/Src/shared_utils/shared/CANopenNode/301/CO_ODinterface.h:445:24:OD_getIndex	16	static
C:/Users/Chris/STM32CubeIDE/workspace_1.10.1/communication-board/CommsBoard/Core/Src/shared_utils/shared/CANopenNode/301/CO_ODinterface.h:594:21:OD_extension_init	16	static
C:/Users/Chris/STM32CubeIDE/workspace_1.10.1/communication-board/CommsBoard/Core/Src/shared_utils/shared/CANopenNode/301/CO_ODinterface.h:663:21:OD_get_u16	32	static
C:/Users/Chris/STM32CubeIDE/workspace_1.10.1/communication-board/CommsBoard/Core/Src/shared_utils/shared/CANopenNode/301/CO_Emergency.h:645:22:CO_isError	24	static
C:/Users/Chris/STM32CubeIDE/workspace_1.10.1/communication-board/CommsBoard/Core/Src/shared_utils/shared/CANopenNode/301/CO_Emergency.h:660:23:CO_getErrorRegister	16	static
../Core/Src/shared_utils/shared/CANopenNode/301/CO_NMT_Heartbeat.c:36:13:CO_NMT_receive	32	static
../Core/Src/shared_utils/shared/CANopenNode/301/CO_NMT_Heartbeat.c:62:14:OD_write_1017	32	static
../Core/Src/shared_utils/shared/CANopenNode/301/CO_NMT_Heartbeat.c:83:18:CO_NMT_init	48	static
../Core/Src/shared_utils/shared/CANopenNode/301/CO_NMT_Heartbeat.c:221:20:CO_NMT_process	40	static
../Core/Src/shared_utils/shared/CANopenNode/301/CO_NMT_Heartbeat.c:332:18:CO_NMT_sendCommand	16	static
