../Core/Src/device_specific/Cellular/Drivers/BSP/AT_modem_bg96/Src/at_custom_modem_specific.c:190:6:ATCustom_BG96_init	16	static
../Core/Src/device_specific/Cellular/Drivers/BSP/AT_modem_bg96/Src/at_custom_modem_specific.c:309:9:ATCustom_BG96_checkEndOfMsgCallback	24	static
../Core/Src/device_specific/Cellular/Drivers/BSP/AT_modem_bg96/Src/at_custom_modem_specific.c:520:13:ATCustom_BG96_getCmd	48	static,ignoring_inline_asm
../Core/Src/device_specific/Cellular/Drivers/BSP/AT_modem_bg96/Src/at_custom_modem_specific.c:1949:13:ATCustom_BG96_extractElement	40	static,ignoring_inline_asm
../Core/Src/device_specific/Cellular/Drivers/BSP/AT_modem_bg96/Src/at_custom_modem_specific.c:2061:17:ATCustom_BG96_analyzeCmd	32	static,ignoring_inline_asm
../Core/Src/device_specific/Cellular/Drivers/BSP/AT_modem_bg96/Src/at_custom_modem_specific.c:2446:17:ATCustom_BG96_analyzeParam	40	static,ignoring_inline_asm
../Core/Src/device_specific/Cellular/Drivers/BSP/AT_modem_bg96/Src/at_custom_modem_specific.c:2465:17:ATCustom_BG96_terminateCmd	24	static,ignoring_inline_asm
../Core/Src/device_specific/Cellular/Drivers/BSP/AT_modem_bg96/Src/at_custom_modem_specific.c:2508:13:ATCustom_BG96_get_rsp	24	static,ignoring_inline_asm
../Core/Src/device_specific/Cellular/Drivers/BSP/AT_modem_bg96/Src/at_custom_modem_specific.c:2578:13:ATCustom_BG96_get_urc	24	static,ignoring_inline_asm
../Core/Src/device_specific/Cellular/Drivers/BSP/AT_modem_bg96/Src/at_custom_modem_specific.c:2596:13:ATCustom_BG96_get_error	24	static,ignoring_inline_asm
../Core/Src/device_specific/Cellular/Drivers/BSP/AT_modem_bg96/Src/at_custom_modem_specific.c:2614:13:ATCustom_BG96_hw_event	24	static
../Core/Src/device_specific/Cellular/Drivers/BSP/AT_modem_bg96/Src/at_custom_modem_specific.c:2637:13:bg96_modem_init	16	static,ignoring_inline_asm
../Core/Src/device_specific/Cellular/Drivers/BSP/AT_modem_bg96/Src/at_custom_modem_specific.c:2650:13:bg96_modem_reset	16	static,ignoring_inline_asm
../Core/Src/device_specific/Cellular/Drivers/BSP/AT_modem_bg96/Src/at_custom_modem_specific.c:2660:13:reinitSyntaxAutomaton_bg96	4	static
../Core/Src/device_specific/Cellular/Drivers/BSP/AT_modem_bg96/Src/at_custom_modem_specific.c:2665:13:reset_variables_bg96	4	static
../Core/Src/device_specific/Cellular/Drivers/BSP/AT_modem_bg96/Src/at_custom_modem_specific.c:2683:13:init_bg96_qiurc_dnsgip	8	static
../Core/Src/device_specific/Cellular/Drivers/BSP/AT_modem_bg96/Src/at_custom_modem_specific.c:2693:13:socketHeaderRX_reset	8	static
../Core/Src/device_specific/Cellular/Drivers/BSP/AT_modem_bg96/Src/at_custom_modem_specific.c:2699:13:SocketHeaderRX_addChar	16	static
../Core/Src/device_specific/Cellular/Drivers/BSP/AT_modem_bg96/Src/at_custom_modem_specific.c:2707:17:SocketHeaderRX_getSize	16	static
../Core/Src/device_specific/Cellular/Drivers/BSP/AT_modem_bg96/Src/at_custom_modem_specific.c:2714:13:display_decoded_GSM_bands	16	static,ignoring_inline_asm
../Core/Src/device_specific/Cellular/Drivers/BSP/AT_modem_bg96/Src/at_custom_modem_specific.c:2736:13:display_decoded_CatM1_bands	16	static,ignoring_inline_asm
../Core/Src/device_specific/Cellular/Drivers/BSP/AT_modem_bg96/Src/at_custom_modem_specific.c:2800:13:display_decoded_CatNB1_bands	16	static,ignoring_inline_asm
../Core/Src/device_specific/Cellular/Drivers/BSP/AT_modem_bg96/Src/at_custom_modem_specific.c:2863:13:display_user_friendly_mode_and_bands_config	32	static,ignoring_inline_asm
../Core/Src/device_specific/Cellular/Drivers/BSP/AT_modem_bg96/Src/at_custom_modem_specific.c:2937:16:display_if_active_band	24	static,ignoring_inline_asm
