../Core/Src/shared_utils/shared/bsp/LEDs/LEDManager.cpp:10:1:LEDManager::LEDManager(gpio_pin_t, gpio_pin_t, gpio_pin_t)	24	static
../Core/Src/shared_utils/shared/bsp/LEDs/LEDManager.cpp:17:18:static void LEDManager::main(void*)	48	static
../Core/Src/shared_utils/shared/bsp/LEDs/LEDManager.cpp:158:6:static void LEDManager::slowCallback(void*)	24	static
../Core/Src/shared_utils/shared/bsp/LEDs/LEDManager.cpp:191:6:static void LEDManager::fastCallback(void*)	24	static
../Core/Src/shared_utils/shared/bsp/LEDs/LEDManager.cpp:224:6:static void LEDManager::timeoutCallback(void*)	24	static
../Core/Src/shared_utils/shared/bsp/LEDs/LEDManager.cpp:230:6:void LEDManager::start(bool)	16	static
../Core/Src/shared_utils/shared/bsp/LEDs/LEDManager.cpp:262:14:void* LEDManager::getThread()	16	static
../Core/Src/shared_utils/shared/bsp/LEDs/LEDManager.cpp:267:13:void* LEDManager::getFastTimer()	16	static
../Core/Src/shared_utils/shared/bsp/LEDs/LEDManager.cpp:272:13:void* LEDManager::getSlowTimer()	16	static
../Core/Src/shared_utils/shared/bsp/LEDs/LEDManager.cpp:277:6:void LEDManager::turnOff(color)	24	static
../Core/Src/shared_utils/shared/bsp/LEDs/LEDManager.cpp:283:6:void LEDManager::turnOn(color)	24	static
../Core/Src/shared_utils/shared/bsp/LEDs/LEDManager.cpp:289:6:void LEDManager::slowFlash(color)	24	static
../Core/Src/shared_utils/shared/bsp/LEDs/LEDManager.cpp:295:6:void LEDManager::fastFlash(color)	24	static
../Core/Src/shared_utils/shared/bsp/LEDs/LEDManager.cpp:301:6:void LEDManager::startTimeout()	16	static
../Core/Src/shared_utils/shared/bsp/LEDs/LEDManager.cpp:307:6:void LEDManager::stopTimeout()	16	static
../Core/Src/shared_utils/shared/bsp/LEDs/LEDManager.cpp:313:1:LEDManager::~LEDManager()	16	static
../Core/Src/shared_utils/shared/bsp/LEDs/LEDManager.cpp:313:1:virtual LEDManager::~LEDManager()	16	static
