../Core/Src/shared_utils/shared/bsp/DS28CM00ID/DS28CM00ID.cpp:10:1:DS28CM00_ID::DS28CM00_ID(I2C_HandleTypeDef*)	16	static
../Core/Src/shared_utils/shared/bsp/DS28CM00ID/DS28CM00ID.cpp:16:9:uint8_t DS28CM00_ID::getFamily()	56	static
../Core/Src/shared_utils/shared/bsp/DS28CM00ID/DS28CM00ID.cpp:40:10:uint64_t DS28CM00_ID::getID()	56	static
../Core/Src/shared_utils/shared/bsp/DS28CM00ID/DS28CM00ID.cpp:62:9:uint8_t DS28CM00_ID::getCRC()	40	static
../Core/Src/shared_utils/shared/bsp/DS28CM00ID/DS28CM00ID.cpp:74:19:DS28CM00_ID::MODE DS28CM00_ID::getMode()	40	static
../Core/Src/shared_utils/shared/bsp/DS28CM00ID/DS28CM00ID.cpp:92:9:uint8_t DS28CM00_ID::calcCRC(uint8_t*)	24	static
../Core/Src/shared_utils/shared/bsp/DS28CM00ID/DS28CM00ID.cpp:102:6:void DS28CM00_ID::setMode(DS28CM00_ID::MODE)	40	static
../Core/Src/shared_utils/shared/bsp/DS28CM00ID/DS28CM00ID.h:50:10:DS28CM00_ID::~DS28CM00_ID()	16	static
../Core/Src/shared_utils/shared/bsp/DS28CM00ID/DS28CM00ID.h:50:10:virtual DS28CM00_ID::~DS28CM00_ID()	16	static
